// Bun Snapshot v1, https://goo.gl/fbAQLP

exports[`DOMDomainAnalyzer getAnalyzedHTML 输出应符合快照 1`] = `"<html data-id="0" data-element-id="0" data-visible="true" data-interactive="false" data-editable="false"><head data-id="1" data-element-id="1" data-visible="true" data-interactive="false" data-editable="false"> <title data-id="2" data-element-id="2" data-visible="true" data-interactive="false" data-editable="false">测试页面</title> </head> <body data-id="3" data-element-id="3" data-visible="true" data-interactive="false" data-editable="false"> <div id="container" data-id="4" data-element-id="4" data-visible="true" data-interactive="false" data-editable="false" data-original-id="container"> <button id="btn1" data-id="5" data-element-id="5" data-visible="true" data-interactive="true" data-editable="false" data-original-id="btn1">点击我</button> <a href="#" id="link1" data-id="6" data-element-id="6" data-visible="true" data-interactive="true" data-editable="false" data-original-id="link1">链接</a> <input type="text" id="input1" value="测试输入" data-id="7" data-element-id="7" data-visible="true" data-interactive="false" data-editable="true" data-original-id="input1" data-value="测试输入" data-checked="false" data-disabled="false"> <input type="checkbox" id="checkbox1" data-id="8" data-element-id="8" data-visible="true" data-interactive="true" data-editable="true" data-original-id="checkbox1" data-value="on" data-checked="false" data-disabled="false"> <div id="hidden-div" style="display: none;" data-id="9" data-element-id="9" data-visible="false" data-interactive="false" data-editable="false" data-original-id="hidden-div">隐藏元素</div> <div id="pointer-div" style="cursor: pointer;" data-id="10" data-element-id="10" data-visible="true" data-interactive="true" data-editable="false" data-original-id="pointer-div">可点击元素</div> <div id="regular-div" data-id="11" data-element-id="11" data-visible="true" data-interactive="false" data-editable="false" data-original-id="regular-div">普通元素</div> <label for="input1" data-id="12" data-element-id="12" data-visible="true" data-interactive="true" data-editable="false">输入标签</label> <textarea id="textarea1" data-id="13" data-element-id="13" data-visible="true" data-interactive="false" data-editable="true" data-original-id="textarea1" data-value="文本区域" data-disabled="false">文本区域</textarea> <div id="editable-div" contenteditable="true" data-id="14" data-element-id="14" data-visible="true" data-interactive="false" data-editable="true" data-original-id="editable-div">可编辑内容</div> </div> </body></html>"`;
